// Jest Snapshot v1, https://goo.gl/fbAQLP

exports[`<Icon /> matches the snapshot 1`] = `
<Fragment>
  <img
    src="user.svg"
  />
</Fragment>
`;
