// Jest Snapshot v1, https://goo.gl/fbAQLP

exports[`<AccountDetails /> matches the snapshot 1`] = `
<div>
  <div>
    A child
  </div>
</div>
`;
