// Jest Snapshot v1, https://goo.gl/fbAQLP

exports[`<Button /> Rendering matches the snapshot 1`] = `
<button
  className=""
  onClick={[MockFunction]}
>
  <span>
    Some extra button JSX
  </span>
</button>
`;
